// Jest Snapshot v1, https://goo.gl/fbAQLP

exports[`render the Header correctly 1`] = `
<header>
  <h1>
    Budget Application
  </h1>
  <NavLink
    activeClassName="is-active"
    ariaCurrent="true"
    exact={true}
    to="/"
  >
    Home
  </NavLink>
  <br />
  <NavLink
    activeClassName="is-active"
    ariaCurrent="true"
    to="/create"
  >
    Create Expense
  </NavLink>
  <br />
</header>
`;
