// Jest Snapshot v1, https://goo.gl/fbAQLP

exports[`render the LoginPage correctly 1`] = `
<div
  className="box-layout"
>
  <div
    className="box-layout__box"
  >
    <h1
      className="box-layout__title"
    >
      Budget
    </h1>
    <p>
      Let's start tracking your expenses!
    </p>
    <button
      className="button-layout"
      onClick={[Function]}
    >
      Use Google to Login
    </button>
  </div>
</div>
`;
