// Jest Snapshot v1, https://goo.gl/fbAQLP

exports[`render the NotFoundPage correctly 1`] = `
<div>
  404 ~ Return to the homepage ~ 
  <Link
    replace={false}
    to="/"
  >
    Home
  </Link>
</div>
`;
